Lattice Timing Report -  Setup  and Hold, Version Radiant Software (64-bit) 2024.1.0.34.2

Tue Nov 26 16:02:55 2024

Copyright (c) 1991-1994 by NeoCAD Inc. All rights reserved.
Copyright (c) 1995 AT&T Corp.   All rights reserved.
Copyright (c) 1995-2001 Lucent Technologies Inc.  All rights reserved.
Copyright (c) 2001 Agere Systems   All rights reserved.
Copyright (c) 2002-2024 Lattice Semiconductor Corporation,  All rights reserved.

Command line:    timing -sethld -v 10 -u 10 -endpoints 10 -nperend 1 -sp High-Performance_1.2V -hsp m -pwrprd -html -rpt knightLightFPGA_impl_1.twr knightLightFPGA_impl_1.udb -gui -msgset C:/Users/mdesomma/Documents/knight-light/fpga/radiantProject/knightLightFPGA/promote.xml

-----------------------------------------
Design:          knightLightTop
Family:          iCE40UP
Device:          iCE40UP5K
Package:         SG48
Performance:     High-Performance_1.2V
Package Status:                     Preliminary    Version 1.5
**Performance Hardware Data Status :   Advanced Version 1.0
-----------------------------------------


=====================================================================
                    Table of Contents
=====================================================================
    1  Timing Overview
        1.1  SDC Constraints
        1.2  Constraint Coverage
        1.3  Overall Summary
        1.4  Unconstrained Report
        1.5  Combinational Loop
    2  Setup at Speed Grade High-Performance_1.2V Corner at 100 Degrees
        2.1  Clock Summary
        2.2  Endpoint slacks
        2.3  Detailed Report
    3  Hold at Speed Grade m Corner at -40 Degrees
        3.1  Endpoint slacks
        3.2  Detailed Report

=====================================================================
                    End of Table of Contents
=====================================================================

==============================================
1  Timing Overview
==============================================

1.1  SDC Constraints
=====================
create_clock -name {int_osc} -period 20.8333 [get_pins {hf_osc/CLKHF }] 

1.2  Constraint Coverage
---------------------------
Constraint Coverage: 15.4334%


1.3  Overall Summary
---------------------------
 Setup at Speed Grade High-Performance_1.2V Corner at 100 Degrees     Timing Errors: 0 endpoints;  Total Negative Slack: 0.000 ns 
 Hold at Speed Grade m Corner at -40 Degrees                          Timing Errors: 0 endpoints;  Total Negative Slack: 0.000 ns 

1.4  Unconstrained Report
===========================

1.4.1  Unconstrained Start/End Points
--------------------------------------

Clocked but unconstrained timing start points
--------------------------------------------------
There is no start point satisfying reporting criteria


Clocked but unconstrained timing end points
--------------------------------------------------
There is no end point satisfying reporting criteria


1.4.2  Start/End Points Without Timing Constraints
---------------------------------------------------

I/O ports without constraint
----------------------------
Possible constraints to use on I/O ports are:
set_input_delay,
set_output_delay,
set_max_delay,
create_clock,
create_generated_clock,
...

-------------------------------------------------------------------
     Listing 10 Start or End Points     |           Type           
-------------------------------------------------------------------
load                                    |                     input
sck                                     |                     input
c[7]                                    |                     input
c[6]                                    |                     input
c[5]                                    |                     input
c[4]                                    |                     input
c[3]                                    |                     input
c[2]                                    |                     input
c[1]                                    |                     input
c[0]                                    |                     input
-------------------------------------------------------------------
                                        |                          
Number of I/O ports without constraint  |                        21
                                        |                          
-------------------------------------------------------------------

Nets without clock definition
Define a clock on a top level port or a generated clock on a clock divider pin associated with this net(s).
-------------------------------------------------------------------
            Listing 2 Net(s)            |        Source pin        
-------------------------------------------------------------------
sck_c                                   |         sck_pad.bb_inst/O
toggle                                  |                toggle_c/Q
-------------------------------------------------------------------
                                        |                          
Number of clock nets without clock defi |                          
nition                                  |                         2
                                        |                          
-------------------------------------------------------------------


1.5  Combinational Loop
========================
Combinational Loops
-------------------
++++ Loop1
a1/i211_3_lut/A	->	a1/i211_3_lut/Z

++++ Loop2
a1/i309_3_lut/A	->	a1/i309_3_lut/Z

++++ Loop3
a1/i225_3_lut/A	->	a1/i225_3_lut/Z

++++ Loop4
a1/i239_3_lut/A	->	a1/i239_3_lut/Z

++++ Loop5
a1/i253_3_lut/A	->	a1/i253_3_lut/Z

++++ Loop6
a1/i267_3_lut/A	->	a1/i267_3_lut/Z

++++ Loop7
a1/i281_3_lut/A	->	a1/i281_3_lut/Z

++++ Loop8
a1/i295_3_lut/A	->	a1/i295_3_lut/Z

++++ Loop9
a1/i209_3_lut/A	->	a1/i209_3_lut/Z

++++ Loop10
a1/i307_3_lut/A	->	a1/i307_3_lut/Z

++++ Loop11
a1/i223_3_lut/A	->	a1/i223_3_lut/Z

++++ Loop12
a1/i237_3_lut/A	->	a1/i237_3_lut/Z

++++ Loop13
a1/i251_3_lut/A	->	a1/i251_3_lut/Z

++++ Loop14
a1/i265_3_lut/A	->	a1/i265_3_lut/Z

++++ Loop15
a1/i279_3_lut/A	->	a1/i279_3_lut/Z

++++ Loop16
a1/i293_3_lut/A	->	a1/i293_3_lut/Z

++++ Loop17
a1/i305_3_lut/A	->	a1/i305_3_lut/Z

++++ Loop18
a1/i207_3_lut/A	->	a1/i207_3_lut/Z

++++ Loop19
a1/i221_3_lut/A	->	a1/i221_3_lut/Z

++++ Loop20
a1/i235_3_lut/A	->	a1/i235_3_lut/Z

++++ Loop21
a1/i249_3_lut/A	->	a1/i249_3_lut/Z

++++ Loop22
a1/i263_3_lut/A	->	a1/i263_3_lut/Z

++++ Loop23
a1/i277_3_lut/A	->	a1/i277_3_lut/Z

++++ Loop24
a1/i291_3_lut/A	->	a1/i291_3_lut/Z

++++ Loop25
a1/i303_3_lut/A	->	a1/i303_3_lut/Z

++++ Loop26
a1/i205_3_lut/A	->	a1/i205_3_lut/Z

++++ Loop27
a1/i219_3_lut/A	->	a1/i219_3_lut/Z

++++ Loop28
a1/i233_3_lut/A	->	a1/i233_3_lut/Z

++++ Loop29
a1/i247_3_lut/A	->	a1/i247_3_lut/Z

++++ Loop30
a1/i261_3_lut/A	->	a1/i261_3_lut/Z

++++ Loop31
a1/i275_3_lut/A	->	a1/i275_3_lut/Z

++++ Loop32
a1/i289_3_lut/A	->	a1/i289_3_lut/Z

++++ Loop33
a1/i301_3_lut/A	->	a1/i301_3_lut/Z

++++ Loop34
a1/i203_3_lut/A	->	a1/i203_3_lut/Z

++++ Loop35
a1/i217_3_lut/A	->	a1/i217_3_lut/Z

++++ Loop36
a1/i231_3_lut/A	->	a1/i231_3_lut/Z

++++ Loop37
a1/i245_3_lut/A	->	a1/i245_3_lut/Z

++++ Loop38
a1/i259_3_lut/A	->	a1/i259_3_lut/Z

++++ Loop39
a1/i273_3_lut/A	->	a1/i273_3_lut/Z

++++ Loop40
a1/i287_3_lut/A	->	a1/i287_3_lut/Z

++++ Loop41
a1/i299_3_lut/A	->	a1/i299_3_lut/Z

++++ Loop42
a1/i201_3_lut/A	->	a1/i201_3_lut/Z

++++ Loop43
a1/i215_3_lut/A	->	a1/i215_3_lut/Z

++++ Loop44
a1/i229_3_lut/A	->	a1/i229_3_lut/Z

++++ Loop45
a1/i243_3_lut/A	->	a1/i243_3_lut/Z

++++ Loop46
a1/i257_3_lut/A	->	a1/i257_3_lut/Z

++++ Loop47
a1/i271_3_lut/A	->	a1/i271_3_lut/Z

++++ Loop48
a1/i285_3_lut/A	->	a1/i285_3_lut/Z

++++ Loop49
a1/i297_3_lut/A	->	a1/i297_3_lut/Z

++++ Loop50
a1/i199_3_lut/A	->	a1/i199_3_lut/Z

++++ Loop51
a1/i213_3_lut/A	->	a1/i213_3_lut/Z

++++ Loop52
a1/i227_3_lut/A	->	a1/i227_3_lut/Z

++++ Loop53
a1/i241_3_lut/A	->	a1/i241_3_lut/Z

++++ Loop54
a1/i255_3_lut/A	->	a1/i255_3_lut/Z

++++ Loop55
a1/i269_3_lut/A	->	a1/i269_3_lut/Z

++++ Loop56
a1/i283_3_lut/A	->	a1/i283_3_lut/Z

++++ Loop57
a1/i195_3_lut/A	->	a1/i195_3_lut/Z

++++ Loop58
a1/i181_3_lut/A	->	a1/i181_3_lut/Z

++++ Loop59
a1/i183_3_lut/A	->	a1/i183_3_lut/Z

++++ Loop60
a1/i185_3_lut/A	->	a1/i185_3_lut/Z

++++ Loop61
a1/i187_3_lut/A	->	a1/i187_3_lut/Z

++++ Loop62
a1/i189_3_lut/A	->	a1/i189_3_lut/Z

++++ Loop63
a1/i191_3_lut/A	->	a1/i191_3_lut/Z

++++ Loop64
a1/i193_3_lut/A	->	a1/i193_3_lut/Z

++++ Loop65
a1/i13_3_lut/C	->	a1/i13_3_lut/Z

===============================================================
2  Setup at Speed Grade High-Performance_1.2V Corner at 100 Degrees
===============================================================

2.1  Clock Summary
=======================

2.1.1 Clock "int_osc"
=======================
create_clock -name {int_osc} -period 20.8333 [get_pins {hf_osc/CLKHF }] 

Single Clock Domain
-------------------------------------------------------------------------------------------------------
             Clock int_osc              |                    |       Period       |     Frequency      
-------------------------------------------------------------------------------------------------------
 From int_osc                           |             Target |          20.833 ns |         48.000 MHz 
                                        | Actual (all paths) |          20.792 ns |         48.095 MHz 
hf_osc/CLKHF (MPW)                      |   (50% duty cycle) |          20.792 ns |         48.095 MHz 
-------------------------------------------------------------------------------------------------------

Clock Domain Crossing

2.2  Endpoint slacks
=======================
-------------------------------------------------------
          Listing 10 End Points          |    Slack    
-------------------------------------------------------
{counter_86__i23/SR   counter_86__i24/SR}|    5.342 ns 
toggle_c/D                               |    5.765 ns 
{counter_86__i7/SR   counter_86__i8/SR}  |    6.532 ns 
{counter_86__i9/SR   counter_86__i10/SR} |    6.532 ns 
{counter_86__i11/SR   counter_86__i12/SR}|    6.532 ns 
{counter_86__i13/SR   counter_86__i14/SR}|    6.532 ns 
{counter_86__i15/SR   counter_86__i16/SR}|    6.532 ns 
{counter_86__i17/SR   counter_86__i18/SR}|    6.532 ns 
{counter_86__i19/SR   counter_86__i20/SR}|    6.532 ns 
{counter_86__i21/SR   counter_86__i22/SR}|    6.532 ns 
-------------------------------------------------------
                                         |             
Setup # of endpoints with negative slack:|           0 
                                         |             
-------------------------------------------------------

2.3  Detailed Report
=======================


XXXXXXXXXXXXXXXXXXXXXXXXXXXXXXXXXXXXXXXXXXXXXXXXXXXXXXXXXX

Detail report of critical paths

XXXXXXXXXXXXXXXXXXXXXXXXXXXXXXXXXXXXXXXXXXXXXXXXXXXXXXXXXX

 +++++++++++++++++++++++++++++++++++++++++++++++++++++++++++++++++++++
                    Detailed Report for timing paths 
 +++++++++++++++++++++++++++++++++++++++++++++++++++++++++++++++++++++

 ++++Path 1  ++++++++++++++++++++++++++++++++++++++++++++++++++++++++++

Path Begin       : counter_86__i11/Q  (SLICE_R11C5C)
Path End         : {counter_86__i23/SR   counter_86__i24/SR}  (SLICE_R11C7A)
Source Clock     : int_osc (R)
Destination Clock: int_osc (R)
Logic Level      : 6
Delay Ratio      : 75.4% (route), 24.6% (logic)
Clock Skew       : 0.000 ns 
Setup Constraint : 20.833 ns 
Path Slack       : 5.342 ns  (Passed)


Source Clock Path
Name                                      Cell/Site Name     Delay Name       Incr      Arrival/Required Time  Fanout  
----------------------------------------  -----------------  ---------------  --------  ---------------------  ------  
hf_osc/CLKHF                              HFOSC_HFOSC_R1C32  CLOCK LATENCY       0.000                  0.000  15      
int_osc                                                      NET DELAY           5.499                  5.499  15      
{counter_86__i11/CK   counter_86__i12/CK}
                                                             CLOCK PIN           0.000                  5.499  1       


Data Path
Name                                      Cell/Site Name     Delay Name       Incr      Arrival/Required Time  Fanout  
----------------------------------------  -----------------  ---------------  --------  ---------------------  ------  
counter_86__i11/CK->counter_86__i11/Q     SLICE_R11C5C       CLK_TO_Q0_DELAY     1.388                  6.887  2       
counter[11]                                                  NET DELAY           2.736                  9.623  2       
i12_4_lut/B->i12_4_lut/Z                  SLICE_R12C6A       A0_TO_F0_DELAY      0.449                 10.072  1       
n29                                                          NET DELAY           2.432                 12.504  1       
i15_4_lut/A->i15_4_lut/Z                  SLICE_R12C5A       C1_TO_F1_DELAY      0.476                 12.980  1       
n32                                                          NET DELAY           0.304                 13.284  1       
i1_4_lut/C->i1_4_lut/Z                    SLICE_R12C5B       C0_TO_F0_DELAY      0.476                 13.760  1       
n10                                                          NET DELAY           0.304                 14.064  1       
i7_4_lut/D->i7_4_lut/Z                    SLICE_R12C5B       C1_TO_F1_DELAY      0.449                 14.513  1       
n16                                                          NET DELAY           2.168                 16.681  1       
i4_4_lut/D->i4_4_lut/Z                    SLICE_R12C5C       D1_TO_F1_DELAY      0.449                 17.130  14      
n362                                                         NET DELAY           3.331                 20.461  14      
{counter_86__i23/SR   counter_86__i24/SR}
                                                             ENDPOINT            0.000                 20.461  1       


Destination Clock Path
Name                                      Cell/Site Name     Delay Name       Incr      Arrival/Required Time  Fanout  
----------------------------------------  -----------------  ---------------  --------  ---------------------  ------  
                                                             CONSTRAINT          0.000                 20.833  1       
hf_osc/CLKHF                              HFOSC_HFOSC_R1C32  CLOCK LATENCY       0.000                 20.833  15      
int_osc                                                      NET DELAY           5.499                 26.332  15      
{counter_86__i23/CK   counter_86__i24/CK}
                                                             CLOCK PIN           0.000                 26.332  1       
                                                             Uncertainty      -(0.000)                 26.332  
                                                             Setup time       -(0.529)                 25.803  
----------------------------------------  -----------------  ---------------  --------  ---------------------  ------  
Required Time                                                                                          25.803  
Arrival Time                                                                                        -(20.460)  
----------------------------------------  -----------------  ---------------  --------  ---------------------  ------  
Path Slack  (Passed)                                                                                    5.342  




++++ Path 2 ++++++++++++++++++++++++++++++++++++++++++++++++++++++++++ 

Path Begin       : counter_86__i11/Q  (SLICE_R11C5C)
Path End         : toggle_c/D  (SLICE_R13C2C)
Source Clock     : int_osc (R)
Destination Clock: int_osc (R)
Logic Level      : 7
Delay Ratio      : 72.0% (route), 28.0% (logic)
Clock Skew       : 0.000 ns 
Setup Constraint : 20.833 ns 
Path Slack       : 5.765 ns  (Passed)


Source Clock Path
Name                                      Cell/Site Name     Delay Name       Incr      Arrival/Required Time  Fanout  
----------------------------------------  -----------------  ---------------  --------  ---------------------  ------  
hf_osc/CLKHF                              HFOSC_HFOSC_R1C32  CLOCK LATENCY       0.000                  0.000  15      
int_osc                                                      NET DELAY           5.499                  5.499  15      
{counter_86__i11/CK   counter_86__i12/CK}
                                                             CLOCK PIN           0.000                  5.499  1       


Data Path
Name                                      Cell/Site Name     Delay Name       Incr      Arrival/Required Time  Fanout  
----------------------------------------  -----------------  ---------------  --------  ---------------------  ------  
counter_86__i11/CK->counter_86__i11/Q     SLICE_R11C5C       CLK_TO_Q0_DELAY     1.388                  6.887  2       
counter[11]                                                  NET DELAY           2.736                  9.623  2       
i12_4_lut/B->i12_4_lut/Z                  SLICE_R12C6A       A0_TO_F0_DELAY      0.449                 10.072  1       
n29                                                          NET DELAY           2.432                 12.504  1       
i15_4_lut/A->i15_4_lut/Z                  SLICE_R12C5A       C1_TO_F1_DELAY      0.476                 12.980  1       
n32                                                          NET DELAY           0.304                 13.284  1       
i1_4_lut/C->i1_4_lut/Z                    SLICE_R12C5B       C0_TO_F0_DELAY      0.476                 13.760  1       
n10                                                          NET DELAY           0.304                 14.064  1       
i7_4_lut/D->i7_4_lut/Z                    SLICE_R12C5B       C1_TO_F1_DELAY      0.449                 14.513  1       
n16                                                          NET DELAY           2.168                 16.681  1       
i4_4_lut/D->i4_4_lut/Z                    SLICE_R12C5C       D1_TO_F1_DELAY      0.449                 17.130  14      
n362                                                         NET DELAY           2.763                 19.893  14      
i1_2_lut/B->i1_2_lut/Z                    SLICE_R13C2C       D0_TO_F0_DELAY      0.476                 20.369  1       
n358                                                         NET DELAY           0.000                 20.369  1       
toggle_c/D                                                   ENDPOINT            0.000                 20.369  1       


Destination Clock Path
Name                                      Cell/Site Name     Delay Name       Incr      Arrival/Required Time  Fanout  
----------------------------------------  -----------------  ---------------  --------  ---------------------  ------  
                                                             CONSTRAINT          0.000                 20.833  1       
hf_osc/CLKHF                              HFOSC_HFOSC_R1C32  CLOCK LATENCY       0.000                 20.833  15      
int_osc                                                      NET DELAY           5.499                 26.332  15      
toggle_c/CK                                                  CLOCK PIN           0.000                 26.332  1       
                                                             Uncertainty      -(0.000)                 26.332  
                                                             Setup time       -(0.198)                 26.134  
----------------------------------------  -----------------  ---------------  --------  ---------------------  ------  
Required Time                                                                                          26.134  
Arrival Time                                                                                        -(20.368)  
----------------------------------------  -----------------  ---------------  --------  ---------------------  ------  
Path Slack  (Passed)                                                                                    5.765  




++++ Path 3 ++++++++++++++++++++++++++++++++++++++++++++++++++++++++++ 

Path Begin       : counter_86__i11/Q  (SLICE_R11C5C)
Path End         : {counter_86__i7/SR   counter_86__i8/SR}  (SLICE_R11C5A)
Source Clock     : int_osc (R)
Destination Clock: int_osc (R)
Logic Level      : 6
Delay Ratio      : 73.2% (route), 26.8% (logic)
Clock Skew       : 0.000 ns 
Setup Constraint : 20.833 ns 
Path Slack       : 6.532 ns  (Passed)


Source Clock Path
Name                                      Cell/Site Name     Delay Name       Incr      Arrival/Required Time  Fanout  
----------------------------------------  -----------------  ---------------  --------  ---------------------  ------  
hf_osc/CLKHF                              HFOSC_HFOSC_R1C32  CLOCK LATENCY       0.000                  0.000  15      
int_osc                                                      NET DELAY           5.499                  5.499  15      
{counter_86__i11/CK   counter_86__i12/CK}
                                                             CLOCK PIN           0.000                  5.499  1       


Data Path
Name                                      Cell/Site Name     Delay Name       Incr      Arrival/Required Time  Fanout  
----------------------------------------  -----------------  ---------------  --------  ---------------------  ------  
counter_86__i11/CK->counter_86__i11/Q     SLICE_R11C5C       CLK_TO_Q0_DELAY     1.388                  6.887  2       
counter[11]                                                  NET DELAY           2.736                  9.623  2       
i12_4_lut/B->i12_4_lut/Z                  SLICE_R12C6A       A0_TO_F0_DELAY      0.449                 10.072  1       
n29                                                          NET DELAY           2.432                 12.504  1       
i15_4_lut/A->i15_4_lut/Z                  SLICE_R12C5A       C1_TO_F1_DELAY      0.476                 12.980  1       
n32                                                          NET DELAY           0.304                 13.284  1       
i1_4_lut/C->i1_4_lut/Z                    SLICE_R12C5B       C0_TO_F0_DELAY      0.476                 13.760  1       
n10                                                          NET DELAY           0.304                 14.064  1       
i7_4_lut/D->i7_4_lut/Z                    SLICE_R12C5B       C1_TO_F1_DELAY      0.449                 14.513  1       
n16                                                          NET DELAY           2.168                 16.681  1       
i4_4_lut/D->i4_4_lut/Z                    SLICE_R12C5C       D1_TO_F1_DELAY      0.449                 17.130  14      
n362                                                         NET DELAY           2.141                 19.271  14      
{counter_86__i7/SR   counter_86__i8/SR}                      ENDPOINT            0.000                 19.271  1       


Destination Clock Path
Name                                      Cell/Site Name     Delay Name       Incr      Arrival/Required Time  Fanout  
----------------------------------------  -----------------  ---------------  --------  ---------------------  ------  
                                                             CONSTRAINT          0.000                 20.833  1       
hf_osc/CLKHF                              HFOSC_HFOSC_R1C32  CLOCK LATENCY       0.000                 20.833  15      
int_osc                                                      NET DELAY           5.499                 26.332  15      
{counter_86__i7/CK   counter_86__i8/CK}                      CLOCK PIN           0.000                 26.332  1       
                                                             Uncertainty      -(0.000)                 26.332  
                                                             Setup time       -(0.529)                 25.803  
----------------------------------------  -----------------  ---------------  --------  ---------------------  ------  
Required Time                                                                                          25.803  
Arrival Time                                                                                        -(19.270)  
----------------------------------------  -----------------  ---------------  --------  ---------------------  ------  
Path Slack  (Passed)                                                                                    6.532  




++++ Path 4 ++++++++++++++++++++++++++++++++++++++++++++++++++++++++++ 

Path Begin       : counter_86__i11/Q  (SLICE_R11C5C)
Path End         : {counter_86__i9/SR   counter_86__i10/SR}  (SLICE_R11C5B)
Source Clock     : int_osc (R)
Destination Clock: int_osc (R)
Logic Level      : 6
Delay Ratio      : 73.2% (route), 26.8% (logic)
Clock Skew       : 0.000 ns 
Setup Constraint : 20.833 ns 
Path Slack       : 6.532 ns  (Passed)


Source Clock Path
Name                                      Cell/Site Name     Delay Name       Incr      Arrival/Required Time  Fanout  
----------------------------------------  -----------------  ---------------  --------  ---------------------  ------  
hf_osc/CLKHF                              HFOSC_HFOSC_R1C32  CLOCK LATENCY       0.000                  0.000  15      
int_osc                                                      NET DELAY           5.499                  5.499  15      
{counter_86__i11/CK   counter_86__i12/CK}
                                                             CLOCK PIN           0.000                  5.499  1       


Data Path
Name                                      Cell/Site Name     Delay Name       Incr      Arrival/Required Time  Fanout  
----------------------------------------  -----------------  ---------------  --------  ---------------------  ------  
counter_86__i11/CK->counter_86__i11/Q     SLICE_R11C5C       CLK_TO_Q0_DELAY     1.388                  6.887  2       
counter[11]                                                  NET DELAY           2.736                  9.623  2       
i12_4_lut/B->i12_4_lut/Z                  SLICE_R12C6A       A0_TO_F0_DELAY      0.449                 10.072  1       
n29                                                          NET DELAY           2.432                 12.504  1       
i15_4_lut/A->i15_4_lut/Z                  SLICE_R12C5A       C1_TO_F1_DELAY      0.476                 12.980  1       
n32                                                          NET DELAY           0.304                 13.284  1       
i1_4_lut/C->i1_4_lut/Z                    SLICE_R12C5B       C0_TO_F0_DELAY      0.476                 13.760  1       
n10                                                          NET DELAY           0.304                 14.064  1       
i7_4_lut/D->i7_4_lut/Z                    SLICE_R12C5B       C1_TO_F1_DELAY      0.449                 14.513  1       
n16                                                          NET DELAY           2.168                 16.681  1       
i4_4_lut/D->i4_4_lut/Z                    SLICE_R12C5C       D1_TO_F1_DELAY      0.449                 17.130  14      
n362                                                         NET DELAY           2.141                 19.271  14      
{counter_86__i9/SR   counter_86__i10/SR}                     ENDPOINT            0.000                 19.271  1       


Destination Clock Path
Name                                      Cell/Site Name     Delay Name       Incr      Arrival/Required Time  Fanout  
----------------------------------------  -----------------  ---------------  --------  ---------------------  ------  
                                                             CONSTRAINT          0.000                 20.833  1       
hf_osc/CLKHF                              HFOSC_HFOSC_R1C32  CLOCK LATENCY       0.000                 20.833  15      
int_osc                                                      NET DELAY           5.499                 26.332  15      
{counter_86__i9/CK   counter_86__i10/CK}                     CLOCK PIN           0.000                 26.332  1       
                                                             Uncertainty      -(0.000)                 26.332  
                                                             Setup time       -(0.529)                 25.803  
----------------------------------------  -----------------  ---------------  --------  ---------------------  ------  
Required Time                                                                                          25.803  
Arrival Time                                                                                        -(19.270)  
----------------------------------------  -----------------  ---------------  --------  ---------------------  ------  
Path Slack  (Passed)                                                                                    6.532  




++++ Path 5 ++++++++++++++++++++++++++++++++++++++++++++++++++++++++++ 

Path Begin       : counter_86__i11/Q  (SLICE_R11C5C)
Path End         : {counter_86__i11/SR   counter_86__i12/SR}  (SLICE_R11C5C)
Source Clock     : int_osc (R)
Destination Clock: int_osc (R)
Logic Level      : 6
Delay Ratio      : 73.2% (route), 26.8% (logic)
Clock Skew       : 0.000 ns 
Setup Constraint : 20.833 ns 
Path Slack       : 6.532 ns  (Passed)


Source Clock Path
Name                                      Cell/Site Name     Delay Name       Incr      Arrival/Required Time  Fanout  
----------------------------------------  -----------------  ---------------  --------  ---------------------  ------  
hf_osc/CLKHF                              HFOSC_HFOSC_R1C32  CLOCK LATENCY       0.000                  0.000  15      
int_osc                                                      NET DELAY           5.499                  5.499  15      
{counter_86__i11/CK   counter_86__i12/CK}
                                                             CLOCK PIN           0.000                  5.499  1       


Data Path
Name                                      Cell/Site Name     Delay Name       Incr      Arrival/Required Time  Fanout  
----------------------------------------  -----------------  ---------------  --------  ---------------------  ------  
counter_86__i11/CK->counter_86__i11/Q     SLICE_R11C5C       CLK_TO_Q0_DELAY     1.388                  6.887  2       
counter[11]                                                  NET DELAY           2.736                  9.623  2       
i12_4_lut/B->i12_4_lut/Z                  SLICE_R12C6A       A0_TO_F0_DELAY      0.449                 10.072  1       
n29                                                          NET DELAY           2.432                 12.504  1       
i15_4_lut/A->i15_4_lut/Z                  SLICE_R12C5A       C1_TO_F1_DELAY      0.476                 12.980  1       
n32                                                          NET DELAY           0.304                 13.284  1       
i1_4_lut/C->i1_4_lut/Z                    SLICE_R12C5B       C0_TO_F0_DELAY      0.476                 13.760  1       
n10                                                          NET DELAY           0.304                 14.064  1       
i7_4_lut/D->i7_4_lut/Z                    SLICE_R12C5B       C1_TO_F1_DELAY      0.449                 14.513  1       
n16                                                          NET DELAY           2.168                 16.681  1       
i4_4_lut/D->i4_4_lut/Z                    SLICE_R12C5C       D1_TO_F1_DELAY      0.449                 17.130  14      
n362                                                         NET DELAY           2.141                 19.271  14      
{counter_86__i11/SR   counter_86__i12/SR}
                                                             ENDPOINT            0.000                 19.271  1       


Destination Clock Path
Name                                      Cell/Site Name     Delay Name       Incr      Arrival/Required Time  Fanout  
----------------------------------------  -----------------  ---------------  --------  ---------------------  ------  
                                                             CONSTRAINT          0.000                 20.833  1       
hf_osc/CLKHF                              HFOSC_HFOSC_R1C32  CLOCK LATENCY       0.000                 20.833  15      
int_osc                                                      NET DELAY           5.499                 26.332  15      
{counter_86__i11/CK   counter_86__i12/CK}
                                                             CLOCK PIN           0.000                 26.332  1       
                                                             Uncertainty      -(0.000)                 26.332  
                                                             Setup time       -(0.529)                 25.803  
----------------------------------------  -----------------  ---------------  --------  ---------------------  ------  
Required Time                                                                                          25.803  
Arrival Time                                                                                        -(19.270)  
----------------------------------------  -----------------  ---------------  --------  ---------------------  ------  
Path Slack  (Passed)                                                                                    6.532  




++++ Path 6 ++++++++++++++++++++++++++++++++++++++++++++++++++++++++++ 

Path Begin       : counter_86__i11/Q  (SLICE_R11C5C)
Path End         : {counter_86__i13/SR   counter_86__i14/SR}  (SLICE_R11C5D)
Source Clock     : int_osc (R)
Destination Clock: int_osc (R)
Logic Level      : 6
Delay Ratio      : 73.2% (route), 26.8% (logic)
Clock Skew       : 0.000 ns 
Setup Constraint : 20.833 ns 
Path Slack       : 6.532 ns  (Passed)


Source Clock Path
Name                                      Cell/Site Name     Delay Name       Incr      Arrival/Required Time  Fanout  
----------------------------------------  -----------------  ---------------  --------  ---------------------  ------  
hf_osc/CLKHF                              HFOSC_HFOSC_R1C32  CLOCK LATENCY       0.000                  0.000  15      
int_osc                                                      NET DELAY           5.499                  5.499  15      
{counter_86__i11/CK   counter_86__i12/CK}
                                                             CLOCK PIN           0.000                  5.499  1       


Data Path
Name                                      Cell/Site Name     Delay Name       Incr      Arrival/Required Time  Fanout  
----------------------------------------  -----------------  ---------------  --------  ---------------------  ------  
counter_86__i11/CK->counter_86__i11/Q     SLICE_R11C5C       CLK_TO_Q0_DELAY     1.388                  6.887  2       
counter[11]                                                  NET DELAY           2.736                  9.623  2       
i12_4_lut/B->i12_4_lut/Z                  SLICE_R12C6A       A0_TO_F0_DELAY      0.449                 10.072  1       
n29                                                          NET DELAY           2.432                 12.504  1       
i15_4_lut/A->i15_4_lut/Z                  SLICE_R12C5A       C1_TO_F1_DELAY      0.476                 12.980  1       
n32                                                          NET DELAY           0.304                 13.284  1       
i1_4_lut/C->i1_4_lut/Z                    SLICE_R12C5B       C0_TO_F0_DELAY      0.476                 13.760  1       
n10                                                          NET DELAY           0.304                 14.064  1       
i7_4_lut/D->i7_4_lut/Z                    SLICE_R12C5B       C1_TO_F1_DELAY      0.449                 14.513  1       
n16                                                          NET DELAY           2.168                 16.681  1       
i4_4_lut/D->i4_4_lut/Z                    SLICE_R12C5C       D1_TO_F1_DELAY      0.449                 17.130  14      
n362                                                         NET DELAY           2.141                 19.271  14      
{counter_86__i13/SR   counter_86__i14/SR}
                                                             ENDPOINT            0.000                 19.271  1       


Destination Clock Path
Name                                      Cell/Site Name     Delay Name       Incr      Arrival/Required Time  Fanout  
----------------------------------------  -----------------  ---------------  --------  ---------------------  ------  
                                                             CONSTRAINT          0.000                 20.833  1       
hf_osc/CLKHF                              HFOSC_HFOSC_R1C32  CLOCK LATENCY       0.000                 20.833  15      
int_osc                                                      NET DELAY           5.499                 26.332  15      
{counter_86__i13/CK   counter_86__i14/CK}
                                                             CLOCK PIN           0.000                 26.332  1       
                                                             Uncertainty      -(0.000)                 26.332  
                                                             Setup time       -(0.529)                 25.803  
----------------------------------------  -----------------  ---------------  --------  ---------------------  ------  
Required Time                                                                                          25.803  
Arrival Time                                                                                        -(19.270)  
----------------------------------------  -----------------  ---------------  --------  ---------------------  ------  
Path Slack  (Passed)                                                                                    6.532  




++++ Path 7 ++++++++++++++++++++++++++++++++++++++++++++++++++++++++++ 

Path Begin       : counter_86__i11/Q  (SLICE_R11C5C)
Path End         : {counter_86__i15/SR   counter_86__i16/SR}  (SLICE_R11C6A)
Source Clock     : int_osc (R)
Destination Clock: int_osc (R)
Logic Level      : 6
Delay Ratio      : 73.2% (route), 26.8% (logic)
Clock Skew       : 0.000 ns 
Setup Constraint : 20.833 ns 
Path Slack       : 6.532 ns  (Passed)


Source Clock Path
Name                                      Cell/Site Name     Delay Name       Incr      Arrival/Required Time  Fanout  
----------------------------------------  -----------------  ---------------  --------  ---------------------  ------  
hf_osc/CLKHF                              HFOSC_HFOSC_R1C32  CLOCK LATENCY       0.000                  0.000  15      
int_osc                                                      NET DELAY           5.499                  5.499  15      
{counter_86__i11/CK   counter_86__i12/CK}
                                                             CLOCK PIN           0.000                  5.499  1       


Data Path
Name                                      Cell/Site Name     Delay Name       Incr      Arrival/Required Time  Fanout  
----------------------------------------  -----------------  ---------------  --------  ---------------------  ------  
counter_86__i11/CK->counter_86__i11/Q     SLICE_R11C5C       CLK_TO_Q0_DELAY     1.388                  6.887  2       
counter[11]                                                  NET DELAY           2.736                  9.623  2       
i12_4_lut/B->i12_4_lut/Z                  SLICE_R12C6A       A0_TO_F0_DELAY      0.449                 10.072  1       
n29                                                          NET DELAY           2.432                 12.504  1       
i15_4_lut/A->i15_4_lut/Z                  SLICE_R12C5A       C1_TO_F1_DELAY      0.476                 12.980  1       
n32                                                          NET DELAY           0.304                 13.284  1       
i1_4_lut/C->i1_4_lut/Z                    SLICE_R12C5B       C0_TO_F0_DELAY      0.476                 13.760  1       
n10                                                          NET DELAY           0.304                 14.064  1       
i7_4_lut/D->i7_4_lut/Z                    SLICE_R12C5B       C1_TO_F1_DELAY      0.449                 14.513  1       
n16                                                          NET DELAY           2.168                 16.681  1       
i4_4_lut/D->i4_4_lut/Z                    SLICE_R12C5C       D1_TO_F1_DELAY      0.449                 17.130  14      
n362                                                         NET DELAY           2.141                 19.271  14      
{counter_86__i15/SR   counter_86__i16/SR}
                                                             ENDPOINT            0.000                 19.271  1       


Destination Clock Path
Name                                      Cell/Site Name     Delay Name       Incr      Arrival/Required Time  Fanout  
----------------------------------------  -----------------  ---------------  --------  ---------------------  ------  
                                                             CONSTRAINT          0.000                 20.833  1       
hf_osc/CLKHF                              HFOSC_HFOSC_R1C32  CLOCK LATENCY       0.000                 20.833  15      
int_osc                                                      NET DELAY           5.499                 26.332  15      
{counter_86__i15/CK   counter_86__i16/CK}
                                                             CLOCK PIN           0.000                 26.332  1       
                                                             Uncertainty      -(0.000)                 26.332  
                                                             Setup time       -(0.529)                 25.803  
----------------------------------------  -----------------  ---------------  --------  ---------------------  ------  
Required Time                                                                                          25.803  
Arrival Time                                                                                        -(19.270)  
----------------------------------------  -----------------  ---------------  --------  ---------------------  ------  
Path Slack  (Passed)                                                                                    6.532  




++++ Path 8 ++++++++++++++++++++++++++++++++++++++++++++++++++++++++++ 

Path Begin       : counter_86__i11/Q  (SLICE_R11C5C)
Path End         : {counter_86__i17/SR   counter_86__i18/SR}  (SLICE_R11C6B)
Source Clock     : int_osc (R)
Destination Clock: int_osc (R)
Logic Level      : 6
Delay Ratio      : 73.2% (route), 26.8% (logic)
Clock Skew       : 0.000 ns 
Setup Constraint : 20.833 ns 
Path Slack       : 6.532 ns  (Passed)


Source Clock Path
Name                                      Cell/Site Name     Delay Name       Incr      Arrival/Required Time  Fanout  
----------------------------------------  -----------------  ---------------  --------  ---------------------  ------  
hf_osc/CLKHF                              HFOSC_HFOSC_R1C32  CLOCK LATENCY       0.000                  0.000  15      
int_osc                                                      NET DELAY           5.499                  5.499  15      
{counter_86__i11/CK   counter_86__i12/CK}
                                                             CLOCK PIN           0.000                  5.499  1       


Data Path
Name                                      Cell/Site Name     Delay Name       Incr      Arrival/Required Time  Fanout  
----------------------------------------  -----------------  ---------------  --------  ---------------------  ------  
counter_86__i11/CK->counter_86__i11/Q     SLICE_R11C5C       CLK_TO_Q0_DELAY     1.388                  6.887  2       
counter[11]                                                  NET DELAY           2.736                  9.623  2       
i12_4_lut/B->i12_4_lut/Z                  SLICE_R12C6A       A0_TO_F0_DELAY      0.449                 10.072  1       
n29                                                          NET DELAY           2.432                 12.504  1       
i15_4_lut/A->i15_4_lut/Z                  SLICE_R12C5A       C1_TO_F1_DELAY      0.476                 12.980  1       
n32                                                          NET DELAY           0.304                 13.284  1       
i1_4_lut/C->i1_4_lut/Z                    SLICE_R12C5B       C0_TO_F0_DELAY      0.476                 13.760  1       
n10                                                          NET DELAY           0.304                 14.064  1       
i7_4_lut/D->i7_4_lut/Z                    SLICE_R12C5B       C1_TO_F1_DELAY      0.449                 14.513  1       
n16                                                          NET DELAY           2.168                 16.681  1       
i4_4_lut/D->i4_4_lut/Z                    SLICE_R12C5C       D1_TO_F1_DELAY      0.449                 17.130  14      
n362                                                         NET DELAY           2.141                 19.271  14      
{counter_86__i17/SR   counter_86__i18/SR}
                                                             ENDPOINT            0.000                 19.271  1       


Destination Clock Path
Name                                      Cell/Site Name     Delay Name       Incr      Arrival/Required Time  Fanout  
----------------------------------------  -----------------  ---------------  --------  ---------------------  ------  
                                                             CONSTRAINT          0.000                 20.833  1       
hf_osc/CLKHF                              HFOSC_HFOSC_R1C32  CLOCK LATENCY       0.000                 20.833  15      
int_osc                                                      NET DELAY           5.499                 26.332  15      
{counter_86__i17/CK   counter_86__i18/CK}
                                                             CLOCK PIN           0.000                 26.332  1       
                                                             Uncertainty      -(0.000)                 26.332  
                                                             Setup time       -(0.529)                 25.803  
----------------------------------------  -----------------  ---------------  --------  ---------------------  ------  
Required Time                                                                                          25.803  
Arrival Time                                                                                        -(19.270)  
----------------------------------------  -----------------  ---------------  --------  ---------------------  ------  
Path Slack  (Passed)                                                                                    6.532  




++++ Path 9 ++++++++++++++++++++++++++++++++++++++++++++++++++++++++++ 

Path Begin       : counter_86__i11/Q  (SLICE_R11C5C)
Path End         : {counter_86__i19/SR   counter_86__i20/SR}  (SLICE_R11C6C)
Source Clock     : int_osc (R)
Destination Clock: int_osc (R)
Logic Level      : 6
Delay Ratio      : 73.2% (route), 26.8% (logic)
Clock Skew       : 0.000 ns 
Setup Constraint : 20.833 ns 
Path Slack       : 6.532 ns  (Passed)


Source Clock Path
Name                                      Cell/Site Name     Delay Name       Incr      Arrival/Required Time  Fanout  
----------------------------------------  -----------------  ---------------  --------  ---------------------  ------  
hf_osc/CLKHF                              HFOSC_HFOSC_R1C32  CLOCK LATENCY       0.000                  0.000  15      
int_osc                                                      NET DELAY           5.499                  5.499  15      
{counter_86__i11/CK   counter_86__i12/CK}
                                                             CLOCK PIN           0.000                  5.499  1       


Data Path
Name                                      Cell/Site Name     Delay Name       Incr      Arrival/Required Time  Fanout  
----------------------------------------  -----------------  ---------------  --------  ---------------------  ------  
counter_86__i11/CK->counter_86__i11/Q     SLICE_R11C5C       CLK_TO_Q0_DELAY     1.388                  6.887  2       
counter[11]                                                  NET DELAY           2.736                  9.623  2       
i12_4_lut/B->i12_4_lut/Z                  SLICE_R12C6A       A0_TO_F0_DELAY      0.449                 10.072  1       
n29                                                          NET DELAY           2.432                 12.504  1       
i15_4_lut/A->i15_4_lut/Z                  SLICE_R12C5A       C1_TO_F1_DELAY      0.476                 12.980  1       
n32                                                          NET DELAY           0.304                 13.284  1       
i1_4_lut/C->i1_4_lut/Z                    SLICE_R12C5B       C0_TO_F0_DELAY      0.476                 13.760  1       
n10                                                          NET DELAY           0.304                 14.064  1       
i7_4_lut/D->i7_4_lut/Z                    SLICE_R12C5B       C1_TO_F1_DELAY      0.449                 14.513  1       
n16                                                          NET DELAY           2.168                 16.681  1       
i4_4_lut/D->i4_4_lut/Z                    SLICE_R12C5C       D1_TO_F1_DELAY      0.449                 17.130  14      
n362                                                         NET DELAY           2.141                 19.271  14      
{counter_86__i19/SR   counter_86__i20/SR}
                                                             ENDPOINT            0.000                 19.271  1       


Destination Clock Path
Name                                      Cell/Site Name     Delay Name       Incr      Arrival/Required Time  Fanout  
----------------------------------------  -----------------  ---------------  --------  ---------------------  ------  
                                                             CONSTRAINT          0.000                 20.833  1       
hf_osc/CLKHF                              HFOSC_HFOSC_R1C32  CLOCK LATENCY       0.000                 20.833  15      
int_osc                                                      NET DELAY           5.499                 26.332  15      
{counter_86__i19/CK   counter_86__i20/CK}
                                                             CLOCK PIN           0.000                 26.332  1       
                                                             Uncertainty      -(0.000)                 26.332  
                                                             Setup time       -(0.529)                 25.803  
----------------------------------------  -----------------  ---------------  --------  ---------------------  ------  
Required Time                                                                                          25.803  
Arrival Time                                                                                        -(19.270)  
----------------------------------------  -----------------  ---------------  --------  ---------------------  ------  
Path Slack  (Passed)                                                                                    6.532  




++++ Path 10 ++++++++++++++++++++++++++++++++++++++++++++++++++++++++++ 

Path Begin       : counter_86__i11/Q  (SLICE_R11C5C)
Path End         : {counter_86__i21/SR   counter_86__i22/SR}  (SLICE_R11C6D)
Source Clock     : int_osc (R)
Destination Clock: int_osc (R)
Logic Level      : 6
Delay Ratio      : 73.2% (route), 26.8% (logic)
Clock Skew       : 0.000 ns 
Setup Constraint : 20.833 ns 
Path Slack       : 6.532 ns  (Passed)


Source Clock Path
Name                                      Cell/Site Name     Delay Name       Incr      Arrival/Required Time  Fanout  
----------------------------------------  -----------------  ---------------  --------  ---------------------  ------  
hf_osc/CLKHF                              HFOSC_HFOSC_R1C32  CLOCK LATENCY       0.000                  0.000  15      
int_osc                                                      NET DELAY           5.499                  5.499  15      
{counter_86__i11/CK   counter_86__i12/CK}
                                                             CLOCK PIN           0.000                  5.499  1       


Data Path
Name                                      Cell/Site Name     Delay Name       Incr      Arrival/Required Time  Fanout  
----------------------------------------  -----------------  ---------------  --------  ---------------------  ------  
counter_86__i11/CK->counter_86__i11/Q     SLICE_R11C5C       CLK_TO_Q0_DELAY     1.388                  6.887  2       
counter[11]                                                  NET DELAY           2.736                  9.623  2       
i12_4_lut/B->i12_4_lut/Z                  SLICE_R12C6A       A0_TO_F0_DELAY      0.449                 10.072  1       
n29                                                          NET DELAY           2.432                 12.504  1       
i15_4_lut/A->i15_4_lut/Z                  SLICE_R12C5A       C1_TO_F1_DELAY      0.476                 12.980  1       
n32                                                          NET DELAY           0.304                 13.284  1       
i1_4_lut/C->i1_4_lut/Z                    SLICE_R12C5B       C0_TO_F0_DELAY      0.476                 13.760  1       
n10                                                          NET DELAY           0.304                 14.064  1       
i7_4_lut/D->i7_4_lut/Z                    SLICE_R12C5B       C1_TO_F1_DELAY      0.449                 14.513  1       
n16                                                          NET DELAY           2.168                 16.681  1       
i4_4_lut/D->i4_4_lut/Z                    SLICE_R12C5C       D1_TO_F1_DELAY      0.449                 17.130  14      
n362                                                         NET DELAY           2.141                 19.271  14      
{counter_86__i21/SR   counter_86__i22/SR}
                                                             ENDPOINT            0.000                 19.271  1       


Destination Clock Path
Name                                      Cell/Site Name     Delay Name       Incr      Arrival/Required Time  Fanout  
----------------------------------------  -----------------  ---------------  --------  ---------------------  ------  
                                                             CONSTRAINT          0.000                 20.833  1       
hf_osc/CLKHF                              HFOSC_HFOSC_R1C32  CLOCK LATENCY       0.000                 20.833  15      
int_osc                                                      NET DELAY           5.499                 26.332  15      
{counter_86__i21/CK   counter_86__i22/CK}
                                                             CLOCK PIN           0.000                 26.332  1       
                                                             Uncertainty      -(0.000)                 26.332  
                                                             Setup time       -(0.529)                 25.803  
----------------------------------------  -----------------  ---------------  --------  ---------------------  ------  
Required Time                                                                                          25.803  
Arrival Time                                                                                        -(19.270)  
----------------------------------------  -----------------  ---------------  --------  ---------------------  ------  
Path Slack  (Passed)                                                                                    6.532  



+++++++++++++++++++++++++++++++++++++++++++++++++++++++++++++++++++++ 
                    End of Detailed Report for timing paths 
+++++++++++++++++++++++++++++++++++++++++++++++++++++++++++++++++++++ 


##########################################################



===============================================================
3  Hold at Speed Grade m Corner at -40 Degrees
===============================================================

3.1  Endpoint slacks
=======================
-------------------------------------------------------
          Listing 10 End Points          |    Slack    
-------------------------------------------------------
counter_86__i15/D                        |    1.913 ns 
counter_86__i16/D                        |    1.913 ns 
counter_86__i17/D                        |    1.913 ns 
counter_86__i18/D                        |    1.913 ns 
counter_86__i19/D                        |    1.913 ns 
counter_86__i20/D                        |    1.913 ns 
counter_86__i21/D                        |    1.913 ns 
counter_86__i22/D                        |    1.913 ns 
counter_86__i23/D                        |    1.913 ns 
counter_86__i24/D                        |    1.913 ns 
-------------------------------------------------------
                                         |             
Hold # of endpoints with negative slack: |           0 
                                         |             
-------------------------------------------------------

3.2  Detailed Report
=======================


XXXXXXXXXXXXXXXXXXXXXXXXXXXXXXXXXXXXXXXXXXXXXXXXXXXXXXXXXX

Detail report of critical paths

XXXXXXXXXXXXXXXXXXXXXXXXXXXXXXXXXXXXXXXXXXXXXXXXXXXXXXXXXX

 +++++++++++++++++++++++++++++++++++++++++++++++++++++++++++++++++++++
                    Detailed Report for timing paths 
 +++++++++++++++++++++++++++++++++++++++++++++++++++++++++++++++++++++

 ++++Path 1  ++++++++++++++++++++++++++++++++++++++++++++++++++++++++++

Path Begin       : counter_86__i15/Q  (SLICE_R11C6A)
Path End         : counter_86__i15/D  (SLICE_R11C6A)
Source Clock     : int_osc (R)
Destination Clock: int_osc (R)
Logic Level      : 2
Delay Ratio      : 46.1% (route), 53.9% (logic)
Clock Skew       : 0.000 ns 
Hold Constraint  : 0.000 ns 
Path Slack       : 1.913 ns  (Passed)


Source Clock Path
Name                                      Cell/Site Name     Delay Name       Incr   Arrival/Required Time  Fanout  
----------------------------------------  -----------------  ---------------  -----  ---------------------  ------  
hf_osc/CLKHF                              HFOSC_HFOSC_R1C32  CLOCK LATENCY    0.000                  0.000  16      
int_osc                                                      NET DELAY        3.084                  3.084  16      
{counter_86__i15/CK   counter_86__i16/CK}
                                                             CLOCK PIN        0.000                  3.084  1       


Data Path
Name                                      Cell/Site Name     Delay Name       Incr   Arrival/Required Time  Fanout  
----------------------------------------  -----------------  ---------------  -----  ---------------------  ------  
counter_86__i15/CK->counter_86__i15/Q     SLICE_R11C6A       CLK_TO_Q0_DELAY  0.779                  3.863  2       
counter[15]                                                  NET DELAY        0.882                  4.745  2       
counter_86_add_4_17/C0->counter_86_add_4_17/S0
                                          SLICE_R11C6A       C0_TO_F0_DELAY   0.252                  4.997  1       
n115                                                         NET DELAY        0.000                  4.997  1       
counter_86__i15/D                                            ENDPOINT         0.000                  4.997  1       


Destination Clock Path
Name                                      Cell/Site Name     Delay Name       Incr   Arrival/Required Time  Fanout  
----------------------------------------  -----------------  ---------------  -----  ---------------------  ------  
                                                             CONSTRAINT       0.000                  0.000  1       
hf_osc/CLKHF                              HFOSC_HFOSC_R1C32  CLOCK LATENCY    0.000                  0.000  16      
int_osc                                                      NET DELAY        3.084                  3.084  16      
{counter_86__i15/CK   counter_86__i16/CK}
                                                             CLOCK PIN        0.000                  3.084  1       
                                                             Uncertainty      0.000                  3.084  
                                                             Hold time        0.000                  3.084  
----------------------------------------  -----------------  ---------------  -----  ---------------------  ------  
Required Time                                                                                       -3.084  
Arrival Time                                                                                         4.997  
----------------------------------------  -----------------  ---------------  -----  ---------------------  ------  
Path Slack  (Passed)                                                                                 1.913  




++++ Path 2 ++++++++++++++++++++++++++++++++++++++++++++++++++++++++++ 

Path Begin       : counter_86__i16/Q  (SLICE_R11C6A)
Path End         : counter_86__i16/D  (SLICE_R11C6A)
Source Clock     : int_osc (R)
Destination Clock: int_osc (R)
Logic Level      : 2
Delay Ratio      : 46.1% (route), 53.9% (logic)
Clock Skew       : 0.000 ns 
Hold Constraint  : 0.000 ns 
Path Slack       : 1.913 ns  (Passed)


Source Clock Path
Name                                      Cell/Site Name     Delay Name       Incr   Arrival/Required Time  Fanout  
----------------------------------------  -----------------  ---------------  -----  ---------------------  ------  
hf_osc/CLKHF                              HFOSC_HFOSC_R1C32  CLOCK LATENCY    0.000                  0.000  16      
int_osc                                                      NET DELAY        3.084                  3.084  16      
{counter_86__i15/CK   counter_86__i16/CK}
                                                             CLOCK PIN        0.000                  3.084  1       


Data Path
Name                                      Cell/Site Name     Delay Name       Incr   Arrival/Required Time  Fanout  
----------------------------------------  -----------------  ---------------  -----  ---------------------  ------  
counter_86__i16/CK->counter_86__i16/Q     SLICE_R11C6A       CLK_TO_Q1_DELAY  0.779                  3.863  2       
counter[16]                                                  NET DELAY        0.882                  4.745  2       
counter_86_add_4_17/C1->counter_86_add_4_17/S1
                                          SLICE_R11C6A       C1_TO_F1_DELAY   0.252                  4.997  1       
n114                                                         NET DELAY        0.000                  4.997  1       
counter_86__i16/D                                            ENDPOINT         0.000                  4.997  1       


Destination Clock Path
Name                                      Cell/Site Name     Delay Name       Incr   Arrival/Required Time  Fanout  
----------------------------------------  -----------------  ---------------  -----  ---------------------  ------  
                                                             CONSTRAINT       0.000                  0.000  1       
hf_osc/CLKHF                              HFOSC_HFOSC_R1C32  CLOCK LATENCY    0.000                  0.000  16      
int_osc                                                      NET DELAY        3.084                  3.084  16      
{counter_86__i15/CK   counter_86__i16/CK}
                                                             CLOCK PIN        0.000                  3.084  1       
                                                             Uncertainty      0.000                  3.084  
                                                             Hold time        0.000                  3.084  
----------------------------------------  -----------------  ---------------  -----  ---------------------  ------  
Required Time                                                                                       -3.084  
Arrival Time                                                                                         4.997  
----------------------------------------  -----------------  ---------------  -----  ---------------------  ------  
Path Slack  (Passed)                                                                                 1.913  




++++ Path 3 ++++++++++++++++++++++++++++++++++++++++++++++++++++++++++ 

Path Begin       : counter_86__i17/Q  (SLICE_R11C6B)
Path End         : counter_86__i17/D  (SLICE_R11C6B)
Source Clock     : int_osc (R)
Destination Clock: int_osc (R)
Logic Level      : 2
Delay Ratio      : 46.1% (route), 53.9% (logic)
Clock Skew       : 0.000 ns 
Hold Constraint  : 0.000 ns 
Path Slack       : 1.913 ns  (Passed)


Source Clock Path
Name                                      Cell/Site Name     Delay Name       Incr   Arrival/Required Time  Fanout  
----------------------------------------  -----------------  ---------------  -----  ---------------------  ------  
hf_osc/CLKHF                              HFOSC_HFOSC_R1C32  CLOCK LATENCY    0.000                  0.000  16      
int_osc                                                      NET DELAY        3.084                  3.084  16      
{counter_86__i17/CK   counter_86__i18/CK}
                                                             CLOCK PIN        0.000                  3.084  1       


Data Path
Name                                      Cell/Site Name     Delay Name       Incr   Arrival/Required Time  Fanout  
----------------------------------------  -----------------  ---------------  -----  ---------------------  ------  
counter_86__i17/CK->counter_86__i17/Q     SLICE_R11C6B       CLK_TO_Q0_DELAY  0.779                  3.863  2       
counter[17]                                                  NET DELAY        0.882                  4.745  2       
counter_86_add_4_19/C0->counter_86_add_4_19/S0
                                          SLICE_R11C6B       C0_TO_F0_DELAY   0.252                  4.997  1       
n113                                                         NET DELAY        0.000                  4.997  1       
counter_86__i17/D                                            ENDPOINT         0.000                  4.997  1       


Destination Clock Path
Name                                      Cell/Site Name     Delay Name       Incr   Arrival/Required Time  Fanout  
----------------------------------------  -----------------  ---------------  -----  ---------------------  ------  
                                                             CONSTRAINT       0.000                  0.000  1       
hf_osc/CLKHF                              HFOSC_HFOSC_R1C32  CLOCK LATENCY    0.000                  0.000  16      
int_osc                                                      NET DELAY        3.084                  3.084  16      
{counter_86__i17/CK   counter_86__i18/CK}
                                                             CLOCK PIN        0.000                  3.084  1       
                                                             Uncertainty      0.000                  3.084  
                                                             Hold time        0.000                  3.084  
----------------------------------------  -----------------  ---------------  -----  ---------------------  ------  
Required Time                                                                                       -3.084  
Arrival Time                                                                                         4.997  
----------------------------------------  -----------------  ---------------  -----  ---------------------  ------  
Path Slack  (Passed)                                                                                 1.913  




++++ Path 4 ++++++++++++++++++++++++++++++++++++++++++++++++++++++++++ 

Path Begin       : counter_86__i18/Q  (SLICE_R11C6B)
Path End         : counter_86__i18/D  (SLICE_R11C6B)
Source Clock     : int_osc (R)
Destination Clock: int_osc (R)
Logic Level      : 2
Delay Ratio      : 46.1% (route), 53.9% (logic)
Clock Skew       : 0.000 ns 
Hold Constraint  : 0.000 ns 
Path Slack       : 1.913 ns  (Passed)


Source Clock Path
Name                                      Cell/Site Name     Delay Name       Incr   Arrival/Required Time  Fanout  
----------------------------------------  -----------------  ---------------  -----  ---------------------  ------  
hf_osc/CLKHF                              HFOSC_HFOSC_R1C32  CLOCK LATENCY    0.000                  0.000  16      
int_osc                                                      NET DELAY        3.084                  3.084  16      
{counter_86__i17/CK   counter_86__i18/CK}
                                                             CLOCK PIN        0.000                  3.084  1       


Data Path
Name                                      Cell/Site Name     Delay Name       Incr   Arrival/Required Time  Fanout  
----------------------------------------  -----------------  ---------------  -----  ---------------------  ------  
counter_86__i18/CK->counter_86__i18/Q     SLICE_R11C6B       CLK_TO_Q1_DELAY  0.779                  3.863  2       
counter[18]                                                  NET DELAY        0.882                  4.745  2       
counter_86_add_4_19/C1->counter_86_add_4_19/S1
                                          SLICE_R11C6B       C1_TO_F1_DELAY   0.252                  4.997  1       
n112                                                         NET DELAY        0.000                  4.997  1       
counter_86__i18/D                                            ENDPOINT         0.000                  4.997  1       


Destination Clock Path
Name                                      Cell/Site Name     Delay Name       Incr   Arrival/Required Time  Fanout  
----------------------------------------  -----------------  ---------------  -----  ---------------------  ------  
                                                             CONSTRAINT       0.000                  0.000  1       
hf_osc/CLKHF                              HFOSC_HFOSC_R1C32  CLOCK LATENCY    0.000                  0.000  16      
int_osc                                                      NET DELAY        3.084                  3.084  16      
{counter_86__i17/CK   counter_86__i18/CK}
                                                             CLOCK PIN        0.000                  3.084  1       
                                                             Uncertainty      0.000                  3.084  
                                                             Hold time        0.000                  3.084  
----------------------------------------  -----------------  ---------------  -----  ---------------------  ------  
Required Time                                                                                       -3.084  
Arrival Time                                                                                         4.997  
----------------------------------------  -----------------  ---------------  -----  ---------------------  ------  
Path Slack  (Passed)                                                                                 1.913  




++++ Path 5 ++++++++++++++++++++++++++++++++++++++++++++++++++++++++++ 

Path Begin       : counter_86__i19/Q  (SLICE_R11C6C)
Path End         : counter_86__i19/D  (SLICE_R11C6C)
Source Clock     : int_osc (R)
Destination Clock: int_osc (R)
Logic Level      : 2
Delay Ratio      : 46.1% (route), 53.9% (logic)
Clock Skew       : 0.000 ns 
Hold Constraint  : 0.000 ns 
Path Slack       : 1.913 ns  (Passed)


Source Clock Path
Name                                      Cell/Site Name     Delay Name       Incr   Arrival/Required Time  Fanout  
----------------------------------------  -----------------  ---------------  -----  ---------------------  ------  
hf_osc/CLKHF                              HFOSC_HFOSC_R1C32  CLOCK LATENCY    0.000                  0.000  16      
int_osc                                                      NET DELAY        3.084                  3.084  16      
{counter_86__i19/CK   counter_86__i20/CK}
                                                             CLOCK PIN        0.000                  3.084  1       


Data Path
Name                                      Cell/Site Name     Delay Name       Incr   Arrival/Required Time  Fanout  
----------------------------------------  -----------------  ---------------  -----  ---------------------  ------  
counter_86__i19/CK->counter_86__i19/Q     SLICE_R11C6C       CLK_TO_Q0_DELAY  0.779                  3.863  2       
counter[19]                                                  NET DELAY        0.882                  4.745  2       
counter_86_add_4_21/C0->counter_86_add_4_21/S0
                                          SLICE_R11C6C       C0_TO_F0_DELAY   0.252                  4.997  1       
n111                                                         NET DELAY        0.000                  4.997  1       
counter_86__i19/D                                            ENDPOINT         0.000                  4.997  1       


Destination Clock Path
Name                                      Cell/Site Name     Delay Name       Incr   Arrival/Required Time  Fanout  
----------------------------------------  -----------------  ---------------  -----  ---------------------  ------  
                                                             CONSTRAINT       0.000                  0.000  1       
hf_osc/CLKHF                              HFOSC_HFOSC_R1C32  CLOCK LATENCY    0.000                  0.000  16      
int_osc                                                      NET DELAY        3.084                  3.084  16      
{counter_86__i19/CK   counter_86__i20/CK}
                                                             CLOCK PIN        0.000                  3.084  1       
                                                             Uncertainty      0.000                  3.084  
                                                             Hold time        0.000                  3.084  
----------------------------------------  -----------------  ---------------  -----  ---------------------  ------  
Required Time                                                                                       -3.084  
Arrival Time                                                                                         4.997  
----------------------------------------  -----------------  ---------------  -----  ---------------------  ------  
Path Slack  (Passed)                                                                                 1.913  




++++ Path 6 ++++++++++++++++++++++++++++++++++++++++++++++++++++++++++ 

Path Begin       : counter_86__i20/Q  (SLICE_R11C6C)
Path End         : counter_86__i20/D  (SLICE_R11C6C)
Source Clock     : int_osc (R)
Destination Clock: int_osc (R)
Logic Level      : 2
Delay Ratio      : 46.1% (route), 53.9% (logic)
Clock Skew       : 0.000 ns 
Hold Constraint  : 0.000 ns 
Path Slack       : 1.913 ns  (Passed)


Source Clock Path
Name                                      Cell/Site Name     Delay Name       Incr   Arrival/Required Time  Fanout  
----------------------------------------  -----------------  ---------------  -----  ---------------------  ------  
hf_osc/CLKHF                              HFOSC_HFOSC_R1C32  CLOCK LATENCY    0.000                  0.000  16      
int_osc                                                      NET DELAY        3.084                  3.084  16      
{counter_86__i19/CK   counter_86__i20/CK}
                                                             CLOCK PIN        0.000                  3.084  1       


Data Path
Name                                      Cell/Site Name     Delay Name       Incr   Arrival/Required Time  Fanout  
----------------------------------------  -----------------  ---------------  -----  ---------------------  ------  
counter_86__i20/CK->counter_86__i20/Q     SLICE_R11C6C       CLK_TO_Q1_DELAY  0.779                  3.863  2       
counter[20]                                                  NET DELAY        0.882                  4.745  2       
counter_86_add_4_21/C1->counter_86_add_4_21/S1
                                          SLICE_R11C6C       C1_TO_F1_DELAY   0.252                  4.997  1       
n110                                                         NET DELAY        0.000                  4.997  1       
counter_86__i20/D                                            ENDPOINT         0.000                  4.997  1       


Destination Clock Path
Name                                      Cell/Site Name     Delay Name       Incr   Arrival/Required Time  Fanout  
----------------------------------------  -----------------  ---------------  -----  ---------------------  ------  
                                                             CONSTRAINT       0.000                  0.000  1       
hf_osc/CLKHF                              HFOSC_HFOSC_R1C32  CLOCK LATENCY    0.000                  0.000  16      
int_osc                                                      NET DELAY        3.084                  3.084  16      
{counter_86__i19/CK   counter_86__i20/CK}
                                                             CLOCK PIN        0.000                  3.084  1       
                                                             Uncertainty      0.000                  3.084  
                                                             Hold time        0.000                  3.084  
----------------------------------------  -----------------  ---------------  -----  ---------------------  ------  
Required Time                                                                                       -3.084  
Arrival Time                                                                                         4.997  
----------------------------------------  -----------------  ---------------  -----  ---------------------  ------  
Path Slack  (Passed)                                                                                 1.913  




++++ Path 7 ++++++++++++++++++++++++++++++++++++++++++++++++++++++++++ 

Path Begin       : counter_86__i21/Q  (SLICE_R11C6D)
Path End         : counter_86__i21/D  (SLICE_R11C6D)
Source Clock     : int_osc (R)
Destination Clock: int_osc (R)
Logic Level      : 2
Delay Ratio      : 46.1% (route), 53.9% (logic)
Clock Skew       : 0.000 ns 
Hold Constraint  : 0.000 ns 
Path Slack       : 1.913 ns  (Passed)


Source Clock Path
Name                                      Cell/Site Name     Delay Name       Incr   Arrival/Required Time  Fanout  
----------------------------------------  -----------------  ---------------  -----  ---------------------  ------  
hf_osc/CLKHF                              HFOSC_HFOSC_R1C32  CLOCK LATENCY    0.000                  0.000  16      
int_osc                                                      NET DELAY        3.084                  3.084  16      
{counter_86__i21/CK   counter_86__i22/CK}
                                                             CLOCK PIN        0.000                  3.084  1       


Data Path
Name                                      Cell/Site Name     Delay Name       Incr   Arrival/Required Time  Fanout  
----------------------------------------  -----------------  ---------------  -----  ---------------------  ------  
counter_86__i21/CK->counter_86__i21/Q     SLICE_R11C6D       CLK_TO_Q0_DELAY  0.779                  3.863  2       
counter[21]                                                  NET DELAY        0.882                  4.745  2       
counter_86_add_4_23/C0->counter_86_add_4_23/S0
                                          SLICE_R11C6D       C0_TO_F0_DELAY   0.252                  4.997  1       
n109                                                         NET DELAY        0.000                  4.997  1       
counter_86__i21/D                                            ENDPOINT         0.000                  4.997  1       


Destination Clock Path
Name                                      Cell/Site Name     Delay Name       Incr   Arrival/Required Time  Fanout  
----------------------------------------  -----------------  ---------------  -----  ---------------------  ------  
                                                             CONSTRAINT       0.000                  0.000  1       
hf_osc/CLKHF                              HFOSC_HFOSC_R1C32  CLOCK LATENCY    0.000                  0.000  16      
int_osc                                                      NET DELAY        3.084                  3.084  16      
{counter_86__i21/CK   counter_86__i22/CK}
                                                             CLOCK PIN        0.000                  3.084  1       
                                                             Uncertainty      0.000                  3.084  
                                                             Hold time        0.000                  3.084  
----------------------------------------  -----------------  ---------------  -----  ---------------------  ------  
Required Time                                                                                       -3.084  
Arrival Time                                                                                         4.997  
----------------------------------------  -----------------  ---------------  -----  ---------------------  ------  
Path Slack  (Passed)                                                                                 1.913  




++++ Path 8 ++++++++++++++++++++++++++++++++++++++++++++++++++++++++++ 

Path Begin       : counter_86__i22/Q  (SLICE_R11C6D)
Path End         : counter_86__i22/D  (SLICE_R11C6D)
Source Clock     : int_osc (R)
Destination Clock: int_osc (R)
Logic Level      : 2
Delay Ratio      : 46.1% (route), 53.9% (logic)
Clock Skew       : 0.000 ns 
Hold Constraint  : 0.000 ns 
Path Slack       : 1.913 ns  (Passed)


Source Clock Path
Name                                      Cell/Site Name     Delay Name       Incr   Arrival/Required Time  Fanout  
----------------------------------------  -----------------  ---------------  -----  ---------------------  ------  
hf_osc/CLKHF                              HFOSC_HFOSC_R1C32  CLOCK LATENCY    0.000                  0.000  16      
int_osc                                                      NET DELAY        3.084                  3.084  16      
{counter_86__i21/CK   counter_86__i22/CK}
                                                             CLOCK PIN        0.000                  3.084  1       


Data Path
Name                                      Cell/Site Name     Delay Name       Incr   Arrival/Required Time  Fanout  
----------------------------------------  -----------------  ---------------  -----  ---------------------  ------  
counter_86__i22/CK->counter_86__i22/Q     SLICE_R11C6D       CLK_TO_Q1_DELAY  0.779                  3.863  2       
counter[22]                                                  NET DELAY        0.882                  4.745  2       
counter_86_add_4_23/C1->counter_86_add_4_23/S1
                                          SLICE_R11C6D       C1_TO_F1_DELAY   0.252                  4.997  1       
n108                                                         NET DELAY        0.000                  4.997  1       
counter_86__i22/D                                            ENDPOINT         0.000                  4.997  1       


Destination Clock Path
Name                                      Cell/Site Name     Delay Name       Incr   Arrival/Required Time  Fanout  
----------------------------------------  -----------------  ---------------  -----  ---------------------  ------  
                                                             CONSTRAINT       0.000                  0.000  1       
hf_osc/CLKHF                              HFOSC_HFOSC_R1C32  CLOCK LATENCY    0.000                  0.000  16      
int_osc                                                      NET DELAY        3.084                  3.084  16      
{counter_86__i21/CK   counter_86__i22/CK}
                                                             CLOCK PIN        0.000                  3.084  1       
                                                             Uncertainty      0.000                  3.084  
                                                             Hold time        0.000                  3.084  
----------------------------------------  -----------------  ---------------  -----  ---------------------  ------  
Required Time                                                                                       -3.084  
Arrival Time                                                                                         4.997  
----------------------------------------  -----------------  ---------------  -----  ---------------------  ------  
Path Slack  (Passed)                                                                                 1.913  




++++ Path 9 ++++++++++++++++++++++++++++++++++++++++++++++++++++++++++ 

Path Begin       : counter_86__i23/Q  (SLICE_R11C7A)
Path End         : counter_86__i23/D  (SLICE_R11C7A)
Source Clock     : int_osc (R)
Destination Clock: int_osc (R)
Logic Level      : 2
Delay Ratio      : 46.1% (route), 53.9% (logic)
Clock Skew       : 0.000 ns 
Hold Constraint  : 0.000 ns 
Path Slack       : 1.913 ns  (Passed)


Source Clock Path
Name                                      Cell/Site Name     Delay Name       Incr   Arrival/Required Time  Fanout  
----------------------------------------  -----------------  ---------------  -----  ---------------------  ------  
hf_osc/CLKHF                              HFOSC_HFOSC_R1C32  CLOCK LATENCY    0.000                  0.000  16      
int_osc                                                      NET DELAY        3.084                  3.084  16      
{counter_86__i23/CK   counter_86__i24/CK}
                                                             CLOCK PIN        0.000                  3.084  1       


Data Path
Name                                      Cell/Site Name     Delay Name       Incr   Arrival/Required Time  Fanout  
----------------------------------------  -----------------  ---------------  -----  ---------------------  ------  
counter_86__i23/CK->counter_86__i23/Q     SLICE_R11C7A       CLK_TO_Q0_DELAY  0.779                  3.863  2       
counter[23]                                                  NET DELAY        0.882                  4.745  2       
counter_86_add_4_25/C0->counter_86_add_4_25/S0
                                          SLICE_R11C7A       C0_TO_F0_DELAY   0.252                  4.997  1       
n107                                                         NET DELAY        0.000                  4.997  1       
counter_86__i23/D                                            ENDPOINT         0.000                  4.997  1       


Destination Clock Path
Name                                      Cell/Site Name     Delay Name       Incr   Arrival/Required Time  Fanout  
----------------------------------------  -----------------  ---------------  -----  ---------------------  ------  
                                                             CONSTRAINT       0.000                  0.000  1       
hf_osc/CLKHF                              HFOSC_HFOSC_R1C32  CLOCK LATENCY    0.000                  0.000  16      
int_osc                                                      NET DELAY        3.084                  3.084  16      
{counter_86__i23/CK   counter_86__i24/CK}
                                                             CLOCK PIN        0.000                  3.084  1       
                                                             Uncertainty      0.000                  3.084  
                                                             Hold time        0.000                  3.084  
----------------------------------------  -----------------  ---------------  -----  ---------------------  ------  
Required Time                                                                                       -3.084  
Arrival Time                                                                                         4.997  
----------------------------------------  -----------------  ---------------  -----  ---------------------  ------  
Path Slack  (Passed)                                                                                 1.913  




++++ Path 10 ++++++++++++++++++++++++++++++++++++++++++++++++++++++++++ 

Path Begin       : counter_86__i24/Q  (SLICE_R11C7A)
Path End         : counter_86__i24/D  (SLICE_R11C7A)
Source Clock     : int_osc (R)
Destination Clock: int_osc (R)
Logic Level      : 2
Delay Ratio      : 46.1% (route), 53.9% (logic)
Clock Skew       : 0.000 ns 
Hold Constraint  : 0.000 ns 
Path Slack       : 1.913 ns  (Passed)


Source Clock Path
Name                                      Cell/Site Name     Delay Name       Incr   Arrival/Required Time  Fanout  
----------------------------------------  -----------------  ---------------  -----  ---------------------  ------  
hf_osc/CLKHF                              HFOSC_HFOSC_R1C32  CLOCK LATENCY    0.000                  0.000  16      
int_osc                                                      NET DELAY        3.084                  3.084  16      
{counter_86__i23/CK   counter_86__i24/CK}
                                                             CLOCK PIN        0.000                  3.084  1       


Data Path
Name                                      Cell/Site Name     Delay Name       Incr   Arrival/Required Time  Fanout  
----------------------------------------  -----------------  ---------------  -----  ---------------------  ------  
counter_86__i24/CK->counter_86__i24/Q     SLICE_R11C7A       CLK_TO_Q1_DELAY  0.779                  3.863  2       
counter[24]                                                  NET DELAY        0.882                  4.745  2       
counter_86_add_4_25/C1->counter_86_add_4_25/S1
                                          SLICE_R11C7A       C1_TO_F1_DELAY   0.252                  4.997  1       
n106                                                         NET DELAY        0.000                  4.997  1       
counter_86__i24/D                                            ENDPOINT         0.000                  4.997  1       


Destination Clock Path
Name                                      Cell/Site Name     Delay Name       Incr   Arrival/Required Time  Fanout  
----------------------------------------  -----------------  ---------------  -----  ---------------------  ------  
                                                             CONSTRAINT       0.000                  0.000  1       
hf_osc/CLKHF                              HFOSC_HFOSC_R1C32  CLOCK LATENCY    0.000                  0.000  16      
int_osc                                                      NET DELAY        3.084                  3.084  16      
{counter_86__i23/CK   counter_86__i24/CK}
                                                             CLOCK PIN        0.000                  3.084  1       
                                                             Uncertainty      0.000                  3.084  
                                                             Hold time        0.000                  3.084  
----------------------------------------  -----------------  ---------------  -----  ---------------------  ------  
Required Time                                                                                       -3.084  
Arrival Time                                                                                         4.997  
----------------------------------------  -----------------  ---------------  -----  ---------------------  ------  
Path Slack  (Passed)                                                                                 1.913  



+++++++++++++++++++++++++++++++++++++++++++++++++++++++++++++++++++++ 
                    End of Detailed Report for timing paths 
+++++++++++++++++++++++++++++++++++++++++++++++++++++++++++++++++++++ 


##########################################################



